================================================================================
测试 get_dataset_temporal 函数
================================================================================
TRAIN_REPLAY_STORAGE_DIR: /home/hongzefu/sam2act_historybench/dataset_generate/sam2act/test_buffer
DATA_FOLDER: /home/hongzefu/sam2act_historybench/dataset_generate
Tasks: ['PickXtimes', 'StopCube', 'SwingXtimes', 'BinFill', 'VideoUnmaskSwap', 'VideoUnmask', 'ButtonUnmaskSwap', 'ButtonUnmask', 'VideoRepick', 'VideoPlaceButton', 'VideoPlaceOrder', 'PickHighlight', 'InsertPeg', 'MoveCube', 'PatternLock', 'RouteStick']
Device: cuda:0
Batch size: 8
Number of training samples: 2
================================================================================

[1/3] 调用 get_dataset_temporal...
[Info] Remove exisitng replay dataset as requested.
Filling replay ...: PickXtimes
Filling demo 0
Filling demo 1
Replay filled with demos.
[Info] Remove exisitng replay dataset as requested.
Filling replay ...: StopCube
Filling demo 0
Filling demo 1
Replay filled with demos.
[Info] Remove exisitng replay dataset as requested.
Filling replay ...: SwingXtimes
Filling demo 0
Filling demo 1
Replay filled with demos.
[Info] Remove exisitng replay dataset as requested.
Filling replay ...: BinFill
Filling demo 0
